// Jest Snapshot v1, https://goo.gl/fbAQLP

exports[`NavigationBottomListIcon matches snapshot 1`] = `
<Icon
  allowFontScaling={false}
  color="#f5785a"
  name="list"
  size={26}
/>
`;
