// Jest Snapshot v1, https://goo.gl/fbAQLP

exports[`BloodResultScreen matches snapshot 1`] = `
<View
  style={
    Object {
      "alignItems": "center",
      "flex": 1,
      "justifyContent": "center",
    }
  }
>
  <Text>
    BloodResultScreen
  </Text>
  <Button
    onPress={[Function]}
    title="Back to blood list"
  />
</View>
`;
